// Jest Snapshot v1, https://goo.gl/fbAQLP

exports[`NavigationMenu Components NavigationMenu renders without crashing 1`] = `
<div>
  <nav
    aria-label="Main"
    class="relative z-10 flex max-w-max flex-1 items-center justify-center"
    data-orientation="horizontal"
    dir="ltr"
  >
    <div>
      Menu Content
    </div>
    <div
      class="absolute left-0 top-full flex justify-center"
    />
  </nav>
</div>
`;
